2026-07-28 13:23:39,761 - INFO - Health monitor started
2026-07-28 13:23:40,767 - INFO - CPU usage: 27.4% [HEALTHY]
2026-07-28 13:23:40,767 - INFO - Disk Space usage: 42.4% [HEALTHY]
2026-07-28 13:23:40,767 - INFO - Memory usage: 74.4% [HEALTHY]
2026-07-28 13:23:51,779 - INFO - CPU usage: 31.5% [HEALTHY]
2026-07-28 13:23:51,779 - INFO - Disk Space usage: 42.4% [HEALTHY]
2026-07-28 13:23:51,779 - INFO - Memory usage: 74.4% [HEALTHY]
2026-07-28 13:24:02,794 - INFO - CPU usage: 27.0% [HEALTHY]
2026-07-28 13:24:02,794 - INFO - Disk Space usage: 42.4% [HEALTHY]
2026-07-28 13:24:02,794 - INFO - Memory usage: 77.8% [HEALTHY]
2026-07-28 13:24:13,814 - INFO - CPU usage: 20.9% [HEALTHY]
2026-07-28 13:24:13,814 - INFO - Disk Space usage: 42.4% [HEALTHY]
2026-07-28 13:24:13,815 - INFO - Memory usage: 76.6% [HEALTHY]
2026-07-28 13:24:24,837 - INFO - CPU usage: 48.9% [HEALTHY]
2026-07-28 13:24:24,837 - INFO - Disk Space usage: 42.4% [HEALTHY]
2026-07-28 13:24:24,837 - INFO - Memory usage: 74.6% [HEALTHY]
2026-07-28 13:24:35,854 - INFO - CPU usage: 18.2% [HEALTHY]
2026-07-28 13:24:35,854 - INFO - Disk Space usage: 42.4% [HEALTHY]
2026-07-28 13:24:35,854 - INFO - Memory usage: 74.0% [HEALTHY]
2026-07-28 13:24:46,872 - INFO - CPU usage: 17.3% [HEALTHY]
2026-07-28 13:24:46,873 - INFO - Disk Space usage: 42.4% [HEALTHY]
2026-07-28 13:24:46,873 - INFO - Memory usage: 74.8% [HEALTHY]
2026-07-28 13:24:51,079 - INFO - Health monitor stopped by user (KeyboardInterrupt)
2026-07-28 14:47:18,887 - INFO - Health monitor started
2026-07-28 14:47:19,889 - INFO - CPU usage: 29.9% [HEALTHY]
2026-07-28 14:47:19,890 - INFO - Disk Space usage: 42.4% [HEALTHY]
2026-07-28 14:47:19,890 - INFO - Memory usage: 75.4% [HEALTHY]
2026-07-28 14:47:30,906 - INFO - CPU usage: 34.3% [HEALTHY]
2026-07-28 14:47:30,907 - INFO - Disk Space usage: 42.4% [HEALTHY]
2026-07-28 14:47:30,907 - INFO - Memory usage: 78.5% [HEALTHY]
2026-07-28 14:47:41,921 - INFO - CPU usage: 28.3% [HEALTHY]
2026-07-28 14:47:41,921 - INFO - Disk Space usage: 42.4% [HEALTHY]
2026-07-28 14:47:41,921 - INFO - Memory usage: 76.4% [HEALTHY]
2026-07-28 14:47:52,935 - INFO - CPU usage: 49.7% [HEALTHY]
2026-07-28 14:47:52,935 - INFO - Disk Space usage: 42.4% [HEALTHY]
2026-07-28 14:47:52,935 - INFO - Memory usage: 76.8% [HEALTHY]
2026-07-28 14:48:03,950 - INFO - CPU usage: 19.5% [HEALTHY]
2026-07-28 14:48:03,950 - INFO - Disk Space usage: 42.4% [HEALTHY]
2026-07-28 14:48:03,950 - INFO - Memory usage: 76.7% [HEALTHY]
2026-07-28 14:48:14,964 - INFO - CPU usage: 19.2% [HEALTHY]
2026-07-28 14:48:14,964 - INFO - Disk Space usage: 42.4% [HEALTHY]
2026-07-28 14:48:14,964 - INFO - Memory usage: 76.6% [HEALTHY]
2026-07-28 14:48:25,984 - INFO - CPU usage: 18.9% [HEALTHY]
2026-07-28 14:48:25,984 - INFO - Disk Space usage: 42.4% [HEALTHY]
2026-07-28 14:48:25,984 - INFO - Memory usage: 76.6% [HEALTHY]
2026-07-28 14:48:36,998 - INFO - CPU usage: 21.0% [HEALTHY]
2026-07-28 14:48:36,998 - INFO - Disk Space usage: 42.4% [HEALTHY]
2026-07-28 14:48:36,998 - INFO - Memory usage: 76.5% [HEALTHY]
2026-07-28 14:48:48,012 - INFO - CPU usage: 19.3% [HEALTHY]
2026-07-28 14:48:48,012 - INFO - Disk Space usage: 42.4% [HEALTHY]
2026-07-28 14:48:48,012 - INFO - Memory usage: 76.5% [HEALTHY]
2026-07-28 14:48:59,025 - INFO - CPU usage: 16.8% [HEALTHY]
2026-07-28 14:48:59,025 - INFO - Disk Space usage: 42.4% [HEALTHY]
2026-07-28 14:48:59,026 - INFO - Memory usage: 76.4% [HEALTHY]
2026-07-28 14:49:10,042 - INFO - CPU usage: 17.9% [HEALTHY]
2026-07-28 14:49:10,042 - INFO - Disk Space usage: 42.4% [HEALTHY]
2026-07-28 14:49:10,042 - INFO - Memory usage: 76.2% [HEALTHY]
2026-07-28 14:49:21,056 - INFO - CPU usage: 18.9% [HEALTHY]
2026-07-28 14:49:21,056 - INFO - Disk Space usage: 42.4% [HEALTHY]
2026-07-28 14:49:21,056 - INFO - Memory usage: 76.3% [HEALTHY]
2026-07-28 14:49:32,071 - INFO - CPU usage: 20.2% [HEALTHY]
2026-07-28 14:49:32,071 - INFO - Disk Space usage: 42.4% [HEALTHY]
2026-07-28 14:49:32,071 - INFO - Memory usage: 76.3% [HEALTHY]
2026-07-28 14:49:43,086 - INFO - CPU usage: 27.2% [HEALTHY]
2026-07-28 14:49:43,087 - INFO - Disk Space usage: 42.4% [HEALTHY]
2026-07-28 14:49:43,087 - INFO - Memory usage: 78.3% [HEALTHY]
2026-07-28 14:49:54,101 - INFO - CPU usage: 39.4% [HEALTHY]
2026-07-28 14:49:54,101 - INFO - Disk Space usage: 42.4% [HEALTHY]
2026-07-28 14:49:54,101 - INFO - Memory usage: 78.1% [HEALTHY]
2026-07-28 14:50:05,116 - INFO - CPU usage: 27.4% [HEALTHY]
2026-07-28 14:50:05,116 - INFO - Disk Space usage: 42.4% [HEALTHY]
2026-07-28 14:50:05,116 - INFO - Memory usage: 76.8% [HEALTHY]
2026-07-28 14:50:16,129 - INFO - CPU usage: 24.2% [HEALTHY]
2026-07-28 14:50:16,129 - INFO - Disk Space usage: 42.4% [HEALTHY]
2026-07-28 14:50:16,129 - INFO - Memory usage: 76.9% [HEALTHY]
2026-07-28 14:50:27,150 - INFO - CPU usage: 36.7% [HEALTHY]
2026-07-28 14:50:27,150 - INFO - Disk Space usage: 42.4% [HEALTHY]
2026-07-28 14:50:27,150 - INFO - Memory usage: 77.0% [HEALTHY]
2026-07-28 14:50:38,164 - INFO - CPU usage: 28.3% [HEALTHY]
2026-07-28 14:50:38,164 - INFO - Disk Space usage: 42.4% [HEALTHY]
2026-07-28 14:50:38,164 - INFO - Memory usage: 77.3% [HEALTHY]
2026-07-28 14:50:49,177 - INFO - CPU usage: 28.9% [HEALTHY]
2026-07-28 14:50:49,177 - INFO - Disk Space usage: 42.4% [HEALTHY]
2026-07-28 14:50:49,177 - INFO - Memory usage: 77.0% [HEALTHY]
2026-07-28 14:51:00,193 - INFO - CPU usage: 23.5% [HEALTHY]
2026-07-28 14:51:00,193 - INFO - Disk Space usage: 42.4% [HEALTHY]
2026-07-28 14:51:00,193 - INFO - Memory usage: 76.9% [HEALTHY]
2026-07-28 14:51:11,209 - INFO - CPU usage: 28.6% [HEALTHY]
2026-07-28 14:51:11,209 - INFO - Disk Space usage: 42.4% [HEALTHY]
2026-07-28 14:51:11,210 - INFO - Memory usage: 75.3% [HEALTHY]
2026-07-28 14:51:22,228 - INFO - CPU usage: 42.9% [HEALTHY]
2026-07-28 14:51:22,229 - INFO - Disk Space usage: 42.4% [HEALTHY]
2026-07-28 14:51:22,229 - INFO - Memory usage: 75.5% [HEALTHY]
2026-07-28 14:51:33,242 - INFO - CPU usage: 66.9% [HEALTHY]
2026-07-28 14:51:33,242 - INFO - Disk Space usage: 42.4% [HEALTHY]
2026-07-28 14:51:33,242 - INFO - Memory usage: 77.5% [HEALTHY]
2026-07-28 14:51:44,267 - INFO - CPU usage: 20.4% [HEALTHY]
2026-07-28 14:51:44,267 - INFO - Disk Space usage: 42.4% [HEALTHY]
2026-07-28 14:51:44,267 - INFO - Memory usage: 76.8% [HEALTHY]
2026-07-28 14:51:55,285 - INFO - CPU usage: 24.4% [HEALTHY]
2026-07-28 14:51:55,285 - INFO - Disk Space usage: 42.4% [HEALTHY]
2026-07-28 14:51:55,286 - INFO - Memory usage: 76.2% [HEALTHY]
2026-07-28 14:52:06,299 - INFO - CPU usage: 27.4% [HEALTHY]
2026-07-28 14:52:06,299 - INFO - Disk Space usage: 42.4% [HEALTHY]
2026-07-28 14:52:06,299 - INFO - Memory usage: 75.6% [HEALTHY]
2026-07-28 14:52:16,529 - INFO - Health monitor stopped by user (KeyboardInterrupt)
