2026-07-24 16:53:52,342 - INFO - Health monitor started
2026-07-24 16:53:53,348 - INFO - CPU usage: 47.4% [HEALTHY]
2026-07-24 16:53:53,348 - INFO - Disk usage: 41.6% [HEALTHY]
2026-07-24 16:53:53,348 - INFO - Memory usage: 69.9% [HEALTHY]
2026-07-24 16:54:04,349 - INFO - CPU usage: 29.0% [HEALTHY]
2026-07-24 16:54:04,349 - INFO - Disk usage: 41.6% [HEALTHY]
2026-07-24 16:54:04,349 - INFO - Memory usage: 72.6% [HEALTHY]
2026-07-24 16:54:12,238 - INFO - Health monitor stopped by user (KeyboardInterrupt)
2026-07-24 16:54:25,492 - INFO - Health monitor started
2026-07-24 16:54:26,493 - INFO - CPU usage: 13.6% [HEALTHY]
2026-07-24 16:54:26,493 - INFO - Disk usage: 41.6% [HEALTHY]
2026-07-24 16:54:26,497 - INFO - Memory usage: 70.7% [HEALTHY]
2026-07-24 16:54:37,498 - INFO - CPU usage: 12.6% [HEALTHY]
2026-07-24 16:54:37,498 - INFO - Disk usage: 41.6% [HEALTHY]
2026-07-24 16:54:37,498 - INFO - Memory usage: 69.1% [HEALTHY]
2026-07-24 16:54:48,499 - INFO - CPU usage: 14.5% [HEALTHY]
2026-07-24 16:54:48,499 - INFO - Disk usage: 41.6% [HEALTHY]
2026-07-24 16:54:48,499 - INFO - Memory usage: 68.9% [HEALTHY]
2026-07-24 16:54:56,385 - INFO - Health monitor stopped by user (KeyboardInterrupt)
2026-07-25 12:47:31,741 - INFO - Health monitor started
2026-07-25 12:47:32,757 - INFO - CPU usage: 33.7% [HEALTHY]
2026-07-25 12:47:32,772 - INFO - Disk usage: 42.3% [HEALTHY]
2026-07-25 12:47:32,781 - INFO - Memory usage: 76.3% [HEALTHY]
2026-07-25 12:47:43,793 - INFO - CPU usage: 28.8% [HEALTHY]
2026-07-25 12:47:43,806 - INFO - Disk usage: 42.3% [HEALTHY]
2026-07-25 12:47:43,820 - INFO - Memory usage: 75.4% [HEALTHY]
2026-07-25 12:47:48,605 - INFO - Health monitor stopped by user (KeyboardInterrupt)
2026-07-25 12:47:49,226 - INFO - Health monitor started
2026-07-25 12:47:50,249 - INFO - CPU usage: 60.8% [HEALTHY]
2026-07-25 12:47:50,258 - INFO - Disk usage: 42.3% [HEALTHY]
2026-07-25 12:47:50,266 - INFO - Memory usage: 75.7% [HEALTHY]
2026-07-25 12:48:01,287 - INFO - CPU usage: 23.5% [HEALTHY]
2026-07-25 12:48:01,305 - INFO - Disk usage: 42.3% [HEALTHY]
2026-07-25 12:48:01,314 - INFO - Memory usage: 75.4% [HEALTHY]
2026-07-25 12:48:12,337 - INFO - CPU usage: 42.7% [HEALTHY]
2026-07-25 12:48:12,346 - INFO - Disk usage: 42.3% [HEALTHY]
2026-07-25 12:48:12,362 - INFO - Memory usage: 75.9% [HEALTHY]
2026-07-25 12:48:23,374 - INFO - CPU usage: 25.3% [HEALTHY]
2026-07-25 12:48:23,392 - INFO - Disk usage: 42.3% [HEALTHY]
2026-07-25 12:48:23,411 - INFO - Memory usage: 76.2% [HEALTHY]
2026-07-25 12:48:34,428 - INFO - CPU usage: 30.4% [HEALTHY]
2026-07-25 12:48:34,437 - INFO - Disk usage: 42.3% [HEALTHY]
2026-07-25 12:48:34,445 - INFO - Memory usage: 76.1% [HEALTHY]
2026-07-25 12:48:45,457 - INFO - CPU usage: 33.5% [HEALTHY]
2026-07-25 12:48:45,471 - INFO - Disk usage: 42.3% [HEALTHY]
2026-07-25 12:48:45,480 - INFO - Memory usage: 76.6% [HEALTHY]
2026-07-25 12:48:56,498 - INFO - CPU usage: 22.2% [HEALTHY]
2026-07-25 12:48:56,511 - INFO - Disk usage: 42.3% [HEALTHY]
2026-07-25 12:48:56,522 - INFO - Memory usage: 76.1% [HEALTHY]
2026-07-25 12:49:07,540 - INFO - CPU usage: 34.2% [HEALTHY]
2026-07-25 12:49:07,549 - INFO - Disk usage: 42.3% [HEALTHY]
2026-07-25 12:49:07,558 - INFO - Memory usage: 76.4% [HEALTHY]
2026-07-25 12:49:11,142 - INFO - Health monitor stopped by user (KeyboardInterrupt)
2026-07-25 12:51:22,329 - INFO - Health monitor started
2026-07-25 12:51:23,355 - INFO - CPU usage: 29.0% [HEALTHY]
2026-07-25 12:51:23,364 - INFO - Disk usage: 42.3% [HEALTHY]
2026-07-25 12:51:23,379 - INFO - Memory usage: 76.2% [HEALTHY]
2026-07-25 12:51:34,392 - INFO - CPU usage: 22.8% [HEALTHY]
2026-07-25 12:51:34,405 - INFO - Disk usage: 42.3% [HEALTHY]
2026-07-25 12:51:34,414 - INFO - Memory usage: 76.8% [HEALTHY]
2026-07-25 12:51:37,404 - INFO - Health monitor stopped by user (KeyboardInterrupt)
2026-07-25 13:17:45,120 - INFO - Health monitor started
2026-07-25 13:17:46,122 - INFO - CPU usage: 73.4% [HEALTHY]
2026-07-25 13:17:46,122 - INFO - Disk usage: 42.4% [HEALTHY]
2026-07-25 13:17:46,122 - INFO - Memory usage: 75.1% [HEALTHY]
2026-07-25 13:19:03,350 - INFO - Health monitor started
2026-07-25 13:19:24,908 - INFO - Health monitor started
2026-07-25 13:19:25,910 - INFO - CPU usage: 26.0% [HEALTHY]
2026-07-25 13:19:25,910 - INFO - Disk usage: 42.4% [HEALTHY]
2026-07-25 13:19:25,910 - INFO - Memory usage: 72.3% [HEALTHY]
2026-07-25 13:20:59,755 - INFO - Health monitor started
2026-07-25 13:21:00,756 - INFO - CPU usage: 22.7% [HEALTHY]
2026-07-25 13:21:00,756 - INFO - Disk usage: 42.4% [HEALTHY]
2026-07-25 13:21:00,756 - INFO - Memory usage: 72.7% [HEALTHY]
2026-07-25 13:21:11,773 - INFO - CPU usage: 17.9% [HEALTHY]
2026-07-25 13:21:11,773 - INFO - Disk usage: 42.4% [HEALTHY]
2026-07-25 13:21:11,773 - INFO - Memory usage: 72.5% [HEALTHY]
2026-07-25 13:21:13,767 - INFO - Health monitor stopped by user (KeyboardInterrupt)
2026-07-25 13:26:14,867 - INFO - Health monitor started
2026-07-25 13:26:15,868 - INFO - CPU usage: 44.5% [HEALTHY]
2026-07-25 13:26:15,868 - INFO - Disk usage: 42.4% [HEALTHY]
2026-07-25 13:26:15,868 - INFO - Memory usage: 72.9% [HEALTHY]
2026-07-25 13:26:19,710 - INFO - Health monitor stopped by user (KeyboardInterrupt)
2026-07-25 13:26:20,178 - INFO - Health monitor started
2026-07-25 13:26:21,179 - INFO - CPU usage: 36.2% [HEALTHY]
2026-07-25 13:26:21,179 - INFO - Disk usage: 42.4% [HEALTHY]
2026-07-25 13:26:21,179 - INFO - Memory usage: 71.8% [HEALTHY]
2026-07-25 13:26:32,196 - INFO - CPU usage: 14.3% [HEALTHY]
2026-07-25 13:26:32,196 - INFO - Disk usage: 42.4% [HEALTHY]
2026-07-25 13:26:32,197 - INFO - Memory usage: 71.3% [HEALTHY]
2026-07-25 13:26:34,096 - INFO - Health monitor stopped by user (KeyboardInterrupt)
